
        ID                                                                      
----------                                                                      
DS                                                                              
--------------------------------------------------------------------------------
SDS                                                                             
--------------------------------------------------------------------------------
  QUANTITY EMAIL                          PRICE                                 
---------- ------------------------- ----------                                 
         2                                                                      
Children's Books                                                                
<I>The Chronicles of Narnia</I> by C.S. Lewis                                   
         1 jv2351@hotpop.com              19.95                                 
                                                                                

